note 1
note 2
note 3
note 4
note 5
note 6
note 7
note 8
note 9
note 10
note 11
note 12
note 13
note 14
note 15
note 16
note 17
note 18
note 19
note 20
note 21
note 22
note 23
note 24
note 25
note 26
note 27
note 28
note 29
note 30
note 31
note 32
note 33
note 34
note 35
note 36
note 37
note 38
note 39
note 40
note 41
note 42
note 43
note 44
note 45
note 46
note 47
note 48
note 49
note 50
note 51
note 52
note 53
note 54
note 55
note 56
note 57
note 58
note 59
note 60
note 61
note 62
note 63
note 64
note 65
note 66
note 67
note 68
note 69
note 70
note 71
note 72
note 73
note 74
note 75
note 76
note 77
note 78
note 79
note 80
note 81
note 82
note 83
note 84
note 85
note 86
note 87
note 88
note 89
note 90
note 91
note 92
note 93
note 94
note 95
note 96
note 97
note 98
note 99
note 100
note 101
note 102
note 103
